[2m#[22m On branch: [1mfeature[22m  [2m|[22m  [33m+2/-1[0m  [2m|  [22m[2m[[22m*[2m][22m => $e*
[2m#[22m
[33;1m➤[0;22m Changes to be committed
[33m#[0m
[33m#[0m     [33m  new file:[0m  [2m[[22m1[2m][22m [33mnew.go[0m
[33m#[0m     [33m  new file:[0m  [2m[[22m2[2m][22m [33mnew_b.go[0m
[33m#[0m
[32;1m➤[0;22m Changes not staged for commit
[32m#[0m
[32m#[0m     [32m  modified:[0m  [2m[[22m3[2m][22m [32mmodified.go[0m
[32m#[0m
[36;1m➤[0;22m Untracked files
[36m#[0m
[36m#[0m     [36m untracked:[0m  [2m[[22m4[2m][22m [36muntracked.go[0m
[36m#[0m
