[2;37m#[0m On branch: [1mmain  [2;37m|  [[0m*[2;37m][0m => $e*
[2;37m#[0m
[1;32m➤[0m Changes not staged for commit
[0;32m#[0m
[0;32m#[0m     [0;33m  new file: [2;37m [[0m1[2;37m] [0;32mintent_to_add.txt[0m
[0;32m#[0m     [0;33m  new file: [2;37m [[0m2[2;37m] [0;32manother_new.txt[0m
[0;32m#[0m     [0;32m  modified: [2;37m [[0m3[2;37m] [0;32mmodified.txt[0m
[0;32m#[0m
