[2m#[22m On branch: [1mfeature[22m  [2m|[22m  [33m-13[0m  [2m|  [22m[2m[[22m*[2m][22m => $e*
[2m#[22m
[33;1m➤[0;22m Changes to be committed
[33m#[0m
[33m#[0m     [34m   renamed:[0m  [2m[[22m1[2m][22m [33m../ds9 -> ../snw[0m
[33m#[0m     [34m   renamed:[0m  [2m[[22m2[2m][22m [33mSporeDriveSchematics.md -> CONFIDENTIAL.md[0m
[33m#[0m     [31m   deleted:[0m  [2m[[22m3[2m][22m [33m../../docs/wolf 359 was an inside job.txt[0m
[33m#[0m
