[2;37m#[0m On branch: [1mmain  [2;37m|  [[0m*[2;37m][0m => $e*
[2;37m#[0m
[1;33m➤[0m Changes to be committed
[0;33m#[0m
[0;33m#[0m     [0;32m  modified: [2;37m [[0m1[2;37m] [0;33malso_renamed.txt[0m
[0;33m#[0m
[1;32m➤[0m Changes not staged for commit
[0;32m#[0m
[0;32m#[0m     [0;34m   renamed: [2;37m [[0m2[2;37m] [0;32mold_name.txt -> new_name.txt[0m
[0;32m#[0m     [0;33m    copied: [2;37m [[0m3[2;37m] [0;32moriginal.txt -> copy.txt[0m
[0;32m#[0m     [0;34m   renamed: [2;37m [[0m4[2;37m] [0;32mwas_this.txt -> also_renamed.txt[0m
[0;32m#[0m
