/Users/bobbytables/code/new_a.php	/Users/bobbytables/code/new_b.php	/Users/bobbytables/code/new_c.php	/Users/bobbytables/code/new_d.php	/Users/bobbytables/code/tests/disabled	/Users/bobbytables/code/docs/SECURITY.md	/Users/bobbytables/code/metoo	/Users/bobbytables/code/modified1.php	/Users/bobbytables/code/modified2.php	/Users/bobbytables/code/修改后的文件.php	/Users/bobbytables/code/👻.go	/Users/bobbytables/code/untracked file with spaces.txt
