[2m#[22m On branch: [1mtechdebt[22m  [2m|[22m  [33m+42/-1123[0m  [2m|  [22m[2m[[22m*[2m][22m => $e*
[2m#[22m
[33;1m➤[0;22m Changes to be committed
[33m#[0m
[33m#[0m     [33m  new file:[0m  [2m[[22m1[2m][22m [33mnew_a.php[0m
[33m#[0m     [33m  new file:[0m  [2m[[22m2[2m][22m [33mnew_b.php[0m
[33m#[0m     [33m  new file:[0m  [2m[[22m3[2m][22m [33mnew_c.php[0m
[33m#[0m     [33m  new file:[0m  [2m[[22m4[2m][22m [33mnew_d.php[0m
[33m#[0m     [34m   renamed:[0m  [2m[[22m5[2m][22m [33mtests/flakey -> tests/disabled[0m
[33m#[0m     [34m   renamed:[0m  [2m[[22m6[2m][22m [33mSECURITY.md -> docs/SECURITY.md[0m
[33m#[0m     [33m    copied:[0m  [2m[[22m7[2m][22m [33mme -> metoo[0m
[33m#[0m
[32;1m➤[0;22m Changes not staged for commit
[32m#[0m
[32m#[0m     [32m  modified:[0m  [2m[[22m8[2m][22m [32mmodified1.php[0m
[32m#[0m     [32m  modified:[0m  [2m[[22m9[2m][22m [32mmodified2.php[0m
[32m#[0m     [32m  modified:[0m [2m[[22m10[2m][22m [32m修改后的文件.php[0m
[32m#[0m     [31m   deleted:[0m [2m[[22m11[2m][22m [32m👻.go[0m
[32m#[0m
[36;1m➤[0;22m Untracked files
[36m#[0m
[36m#[0m     [36m untracked:[0m [2m[[22m12[2m][22m [36muntracked file with spaces.txt[0m
[36m#[0m
