# On branch: main  |  [*] => $e*
#
➤ Untracked files
#
#      untracked:  [1] file_001.txt
#      untracked:  [2] file_002.txt
#      untracked:  [3] file_003.txt
#      untracked:  [4] file_004.txt
#      untracked:  [5] file_005.txt
#      untracked:  [6] file_006.txt
#      untracked:  [7] file_007.txt
#      untracked:  [8] file_008.txt
#      untracked:  [9] file_009.txt
#      untracked: [10] file_010.txt
#      untracked: [11] file_011.txt
#      untracked: [12] file_012.txt
#      untracked: [13] file_013.txt
#      untracked: [14] file_014.txt
#      untracked: [15] file_015.txt
#      untracked: [16] file_016.txt
#      untracked: [17] file_017.txt
#      untracked: [18] file_018.txt
#      untracked: [19] file_019.txt
#      untracked: [20] file_020.txt
#      untracked: [21] file_021.txt
#      untracked: [22] file_022.txt
#      untracked: [23] file_023.txt
#      untracked: [24] file_024.txt
#      untracked: [25] file_025.txt
#      untracked: [26] file_026.txt
#      untracked: [27] file_027.txt
#      untracked: [28] file_028.txt
#      untracked: [29] file_029.txt
#      untracked: [30] file_030.txt
#      untracked: [31] file_031.txt
#      untracked: [32] file_032.txt
#      untracked: [33] file_033.txt
#      untracked: [34] file_034.txt
#      untracked: [35] file_035.txt
#      untracked: [36] file_036.txt
#      untracked: [37] file_037.txt
#      untracked: [38] file_038.txt
#      untracked: [39] file_039.txt
#      untracked: [40] file_040.txt
#      untracked: [41] file_041.txt
#      untracked: [42] file_042.txt
#      untracked: [43] file_043.txt
#      untracked: [44] file_044.txt
#      untracked: [45] file_045.txt
#      untracked: [46] file_046.txt
#      untracked: [47] file_047.txt
#      untracked: [48] file_048.txt
#      untracked: [49] file_049.txt
#      untracked: [50] file_050.txt
#      untracked: [51] file_051.txt
#      untracked: [52] file_052.txt
#      untracked: [53] file_053.txt
#      untracked: [54] file_054.txt
#      untracked: [55] file_055.txt
#      untracked: [56] file_056.txt
#      untracked: [57] file_057.txt
#      untracked: [58] file_058.txt
#      untracked: [59] file_059.txt
#      untracked: [60] file_060.txt
#      untracked: [61] file_061.txt
#      untracked: [62] file_062.txt
#      untracked: [63] file_063.txt
#      untracked: [64] file_064.txt
#      untracked: [65] file_065.txt
#      untracked: [66] file_066.txt
#      untracked: [67] file_067.txt
#      untracked: [68] file_068.txt
#      untracked: [69] file_069.txt
#      untracked: [70] file_070.txt
#      untracked: [71] file_071.txt
#      untracked: [72] file_072.txt
#      untracked: [73] file_073.txt
#      untracked: [74] file_074.txt
#      untracked: [75] file_075.txt
#      untracked: [76] file_076.txt
#      untracked: [77] file_077.txt
#      untracked: [78] file_078.txt
#      untracked: [79] file_079.txt
#      untracked: [80] file_080.txt
#      untracked: [81] file_081.txt
#      untracked: [82] file_082.txt
#      untracked: [83] file_083.txt
#      untracked: [84] file_084.txt
#      untracked: [85] file_085.txt
#      untracked: [86] file_086.txt
#      untracked: [87] file_087.txt
#      untracked: [88] file_088.txt
#      untracked: [89] file_089.txt
#      untracked: [90] file_090.txt
#      untracked: [91] file_091.txt
#      untracked: [92] file_092.txt
#      untracked: [93] file_093.txt
#      untracked: [94] file_094.txt
#      untracked: [95] file_095.txt
#      untracked: [96] file_096.txt
#      untracked: [97] file_097.txt
#      untracked: [98] file_098.txt
#      untracked: [99] file_099.txt
#      untracked: [100] file_100.txt
#      untracked: [101] file_101.txt
#      untracked: [102] file_102.txt
#      untracked: [103] file_103.txt
#      untracked: [104] file_104.txt
#      untracked: [105] file_105.txt
#      untracked: [106] file_106.txt
#      untracked: [107] file_107.txt
#      untracked: [108] file_108.txt
#      untracked: [109] file_109.txt
#      untracked: [110] file_110.txt
#      untracked: [111] file_111.txt
#      untracked: [112] file_112.txt
#      untracked: [113] file_113.txt
#      untracked: [114] file_114.txt
#      untracked: [115] file_115.txt
#      untracked: [116] file_116.txt
#      untracked: [117] file_117.txt
#      untracked: [118] file_118.txt
#      untracked: [119] file_119.txt
#      untracked: [120] file_120.txt
#      untracked: [121] file_121.txt
#      untracked: [122] file_122.txt
#      untracked: [123] file_123.txt
#      untracked: [124] file_124.txt
#      untracked: [125] file_125.txt
#      untracked: [126] file_126.txt
#      untracked: [127] file_127.txt
#      untracked: [128] file_128.txt
#      untracked: [129] file_129.txt
#      untracked: [130] file_130.txt
#      untracked: [131] file_131.txt
#      untracked: [132] file_132.txt
#      untracked: [133] file_133.txt
#      untracked: [134] file_134.txt
#      untracked: [135] file_135.txt
#      untracked: [136] file_136.txt
#      untracked: [137] file_137.txt
#      untracked: [138] file_138.txt
#      untracked: [139] file_139.txt
#      untracked: [140] file_140.txt
#      untracked: [141] file_141.txt
#      untracked: [142] file_142.txt
#      untracked: [143] file_143.txt
#      untracked: [144] file_144.txt
#      untracked: [145] file_145.txt
#      untracked: [146] file_146.txt
#      untracked: [147] file_147.txt
#      untracked: [148] file_148.txt
#      untracked: [149] file_149.txt
#      untracked: [150] file_150.txt
#      untracked: [151] file_151.txt
#      untracked: [152] file_152.txt
#      untracked: [153] file_153.txt
#      untracked: [154] file_154.txt
#      untracked: [155] file_155.txt
#      untracked: [156] file_156.txt
#      untracked: [157] file_157.txt
#      untracked: [158] file_158.txt
#      untracked: [159] file_159.txt
#      untracked: [160] file_160.txt
#      untracked: [161] file_161.txt
#      untracked: [162] file_162.txt
#      untracked: [163] file_163.txt
#      untracked: [164] file_164.txt
#      untracked: [165] file_165.txt
#      untracked: [166] file_166.txt
#      untracked: [167] file_167.txt
#      untracked: [168] file_168.txt
#      untracked: [169] file_169.txt
#      untracked: [170] file_170.txt
#      untracked: [171] file_171.txt
#      untracked: [172] file_172.txt
#      untracked: [173] file_173.txt
#      untracked: [174] file_174.txt
#      untracked: [175] file_175.txt
#      untracked: [176] file_176.txt
#      untracked: [177] file_177.txt
#      untracked: [178] file_178.txt
#      untracked: [179] file_179.txt
#      untracked: [180] file_180.txt
#      untracked: [181] file_181.txt
#      untracked: [182] file_182.txt
#      untracked: [183] file_183.txt
#      untracked: [184] file_184.txt
#      untracked: [185] file_185.txt
#      untracked: [186] file_186.txt
#      untracked: [187] file_187.txt
#      untracked: [188] file_188.txt
#      untracked: [189] file_189.txt
#      untracked: [190] file_190.txt
#      untracked: [191] file_191.txt
#      untracked: [192] file_192.txt
#      untracked: [193] file_193.txt
#      untracked: [194] file_194.txt
#      untracked: [195] file_195.txt
#      untracked: [196] file_196.txt
#      untracked: [197] file_197.txt
#      untracked: [198] file_198.txt
#      untracked: [199] file_199.txt
#      untracked: [200] file_200.txt
#      untracked: [201] file_201.txt
#      untracked: [202] file_202.txt
#      untracked: [203] file_203.txt
#      untracked: [204] file_204.txt
#      untracked: [205] file_205.txt
#      untracked: [206] file_206.txt
#      untracked: [207] file_207.txt
#      untracked: [208] file_208.txt
#      untracked: [209] file_209.txt
#      untracked: [210] file_210.txt
#      untracked: [211] file_211.txt
#      untracked: [212] file_212.txt
#      untracked: [213] file_213.txt
#      untracked: [214] file_214.txt
#      untracked: [215] file_215.txt
#      untracked: [216] file_216.txt
#      untracked: [217] file_217.txt
#      untracked: [218] file_218.txt
#      untracked: [219] file_219.txt
#      untracked: [220] file_220.txt
#      untracked: [221] file_221.txt
#      untracked: [222] file_222.txt
#      untracked: [223] file_223.txt
#      untracked: [224] file_224.txt
#      untracked: [225] file_225.txt
#      untracked: [226] file_226.txt
#      untracked: [227] file_227.txt
#      untracked: [228] file_228.txt
#      untracked: [229] file_229.txt
#      untracked: [230] file_230.txt
#      untracked: [231] file_231.txt
#      untracked: [232] file_232.txt
#      untracked: [233] file_233.txt
#      untracked: [234] file_234.txt
#      untracked: [235] file_235.txt
#      untracked: [236] file_236.txt
#      untracked: [237] file_237.txt
#      untracked: [238] file_238.txt
#      untracked: [239] file_239.txt
#      untracked: [240] file_240.txt
#      untracked: [241] file_241.txt
#      untracked: [242] file_242.txt
#      untracked: [243] file_243.txt
#      untracked: [244] file_244.txt
#      untracked: [245] file_245.txt
#      untracked: [246] file_246.txt
#      untracked: [247] file_247.txt
#      untracked: [248] file_248.txt
#      untracked: [249] file_249.txt
#      untracked: [250] file_250.txt
#
... showing 250 of 260 files (use git directly for bulk operations)
