[2m#[22m On branch: [1mmain[22m  [2m|  [22m[2m[[22m*[2m][22m => $e*
[2m#[22m
[33;1m➤[0;22m Changes to be committed
[33m#[0m
[33m#[0m     [32m  modified:[0m  [2m[[22m1[2m][22m [33malso_renamed.txt[0m
[33m#[0m
[32;1m➤[0;22m Changes not staged for commit
[32m#[0m
[32m#[0m     [34m   renamed:[0m  [2m[[22m2[2m][22m [32mold_name.txt -> new_name.txt[0m
[32m#[0m     [33m    copied:[0m  [2m[[22m3[2m][22m [32moriginal.txt -> copy.txt[0m
[32m#[0m     [34m   renamed:[0m  [2m[[22m4[2m][22m [32mwas_this.txt -> also_renamed.txt[0m
[32m#[0m
